Analysis & Synthesis report for Processador
Sat Jun 10 22:32:15 2023
Quartus Prime Version 20.1.1 Build 720 11/11/2020 SJ Lite Edition


---------------------
; Table of Contents ;
---------------------
  1. Legal Notice
  2. Analysis & Synthesis Summary
  3. Analysis & Synthesis Settings
  4. Parallel Compilation
  5. Analysis & Synthesis Source Files Read
  6. Analysis & Synthesis Resource Usage Summary
  7. Analysis & Synthesis Resource Utilization by Entity
  8. Analysis & Synthesis DSP Block Usage Summary
  9. User-Specified and Inferred Latches
 10. General Register Statistics
 11. Multiplexer Restructuring Statistics (Restructuring Performed)
 12. Parameter Settings for Inferred Entity Instance: lpm_mult:Mult0
 13. Parameter Settings for Inferred Entity Instance: lpm_divide:Mod0
 14. Parameter Settings for Inferred Entity Instance: lpm_divide:Div0
 15. lpm_mult Parameter Settings by Entity Instance
 16. Post-Synthesis Netlist Statistics for Top Partition
 17. Elapsed Time Per Partition
 18. Analysis & Synthesis Messages



----------------
; Legal Notice ;
----------------
Copyright (C) 2020  Intel Corporation. All rights reserved.
Your use of Intel Corporation's design tools, logic functions 
and other software and tools, and any partner logic 
functions, and any output files from any of the foregoing 
(including device programming or simulation files), and any 
associated documentation or information are expressly subject 
to the terms and conditions of the Intel Program License 
Subscription Agreement, the Intel Quartus Prime License Agreement,
the Intel FPGA IP License Agreement, or other applicable license
agreement, including, without limitation, that your use is for
the sole purpose of programming logic devices manufactured by
Intel and sold by Intel or its authorized distributors.  Please
refer to the applicable agreement for further details, at
https://fpgasoftware.intel.com/eula.



+----------------------------------------------------------------------------------+
; Analysis & Synthesis Summary                                                     ;
+------------------------------------+---------------------------------------------+
; Analysis & Synthesis Status        ; Successful - Sat Jun 10 22:32:15 2023       ;
; Quartus Prime Version              ; 20.1.1 Build 720 11/11/2020 SJ Lite Edition ;
; Revision Name                      ; Processador                                 ;
; Top-level Entity Name              ; Processador                                 ;
; Family                             ; Cyclone IV E                                ;
; Total logic elements               ; 2,590                                       ;
;     Total combinational functions  ; 2,590                                       ;
;     Dedicated logic registers      ; 0                                           ;
; Total registers                    ; 0                                           ;
; Total pins                         ; 197                                         ;
; Total virtual pins                 ; 0                                           ;
; Total memory bits                  ; 0                                           ;
; Embedded Multiplier 9-bit elements ; 8                                           ;
; Total PLLs                         ; 0                                           ;
+------------------------------------+---------------------------------------------+


+------------------------------------------------------------------------------------------------------------+
; Analysis & Synthesis Settings                                                                              ;
+------------------------------------------------------------------+--------------------+--------------------+
; Option                                                           ; Setting            ; Default Value      ;
+------------------------------------------------------------------+--------------------+--------------------+
; Device                                                           ; EP4CE115F29C7      ;                    ;
; Top-level entity name                                            ; Processador        ; Processador        ;
; Family name                                                      ; Cyclone IV E       ; Cyclone V          ;
; Use smart compilation                                            ; Off                ; Off                ;
; Enable parallel Assembler and Timing Analyzer during compilation ; On                 ; On                 ;
; Enable compact report table                                      ; Off                ; Off                ;
; Restructure Multiplexers                                         ; Auto               ; Auto               ;
; Create Debugging Nodes for IP Cores                              ; Off                ; Off                ;
; Preserve fewer node names                                        ; On                 ; On                 ;
; Intel FPGA IP Evaluation Mode                                    ; Enable             ; Enable             ;
; Verilog Version                                                  ; Verilog_2001       ; Verilog_2001       ;
; VHDL Version                                                     ; VHDL_1993          ; VHDL_1993          ;
; State Machine Processing                                         ; Auto               ; Auto               ;
; Safe State Machine                                               ; Off                ; Off                ;
; Extract Verilog State Machines                                   ; On                 ; On                 ;
; Extract VHDL State Machines                                      ; On                 ; On                 ;
; Ignore Verilog initial constructs                                ; Off                ; Off                ;
; Iteration limit for constant Verilog loops                       ; 5000               ; 5000               ;
; Iteration limit for non-constant Verilog loops                   ; 250                ; 250                ;
; Add Pass-Through Logic to Inferred RAMs                          ; On                 ; On                 ;
; Infer RAMs from Raw Logic                                        ; On                 ; On                 ;
; Parallel Synthesis                                               ; On                 ; On                 ;
; DSP Block Balancing                                              ; Auto               ; Auto               ;
; NOT Gate Push-Back                                               ; On                 ; On                 ;
; Power-Up Don't Care                                              ; On                 ; On                 ;
; Remove Redundant Logic Cells                                     ; Off                ; Off                ;
; Remove Duplicate Registers                                       ; On                 ; On                 ;
; Ignore CARRY Buffers                                             ; Off                ; Off                ;
; Ignore CASCADE Buffers                                           ; Off                ; Off                ;
; Ignore GLOBAL Buffers                                            ; Off                ; Off                ;
; Ignore ROW GLOBAL Buffers                                        ; Off                ; Off                ;
; Ignore LCELL Buffers                                             ; Off                ; Off                ;
; Ignore SOFT Buffers                                              ; On                 ; On                 ;
; Limit AHDL Integers to 32 Bits                                   ; Off                ; Off                ;
; Optimization Technique                                           ; Balanced           ; Balanced           ;
; Carry Chain Length                                               ; 70                 ; 70                 ;
; Auto Carry Chains                                                ; On                 ; On                 ;
; Auto Open-Drain Pins                                             ; On                 ; On                 ;
; Perform WYSIWYG Primitive Resynthesis                            ; Off                ; Off                ;
; Auto ROM Replacement                                             ; On                 ; On                 ;
; Auto RAM Replacement                                             ; On                 ; On                 ;
; Auto DSP Block Replacement                                       ; On                 ; On                 ;
; Auto Shift Register Replacement                                  ; Auto               ; Auto               ;
; Allow Shift Register Merging across Hierarchies                  ; Auto               ; Auto               ;
; Auto Clock Enable Replacement                                    ; On                 ; On                 ;
; Strict RAM Replacement                                           ; Off                ; Off                ;
; Allow Synchronous Control Signals                                ; On                 ; On                 ;
; Force Use of Synchronous Clear Signals                           ; Off                ; Off                ;
; Auto RAM Block Balancing                                         ; On                 ; On                 ;
; Auto RAM to Logic Cell Conversion                                ; Off                ; Off                ;
; Auto Resource Sharing                                            ; Off                ; Off                ;
; Allow Any RAM Size For Recognition                               ; Off                ; Off                ;
; Allow Any ROM Size For Recognition                               ; Off                ; Off                ;
; Allow Any Shift Register Size For Recognition                    ; Off                ; Off                ;
; Use LogicLock Constraints during Resource Balancing              ; On                 ; On                 ;
; Ignore translate_off and synthesis_off directives                ; Off                ; Off                ;
; Timing-Driven Synthesis                                          ; On                 ; On                 ;
; Report Parameter Settings                                        ; On                 ; On                 ;
; Report Source Assignments                                        ; On                 ; On                 ;
; Report Connectivity Checks                                       ; On                 ; On                 ;
; Ignore Maximum Fan-Out Assignments                               ; Off                ; Off                ;
; Synchronization Register Chain Length                            ; 2                  ; 2                  ;
; Power Optimization During Synthesis                              ; Normal compilation ; Normal compilation ;
; HDL message level                                                ; Level2             ; Level2             ;
; Suppress Register Optimization Related Messages                  ; Off                ; Off                ;
; Number of Removed Registers Reported in Synthesis Report         ; 5000               ; 5000               ;
; Number of Swept Nodes Reported in Synthesis Report               ; 5000               ; 5000               ;
; Number of Inverted Registers Reported in Synthesis Report        ; 100                ; 100                ;
; Clock MUX Protection                                             ; On                 ; On                 ;
; Auto Gated Clock Conversion                                      ; Off                ; Off                ;
; Block Design Naming                                              ; Auto               ; Auto               ;
; SDC constraint protection                                        ; Off                ; Off                ;
; Synthesis Effort                                                 ; Auto               ; Auto               ;
; Shift Register Replacement - Allow Asynchronous Clear Signal     ; On                 ; On                 ;
; Pre-Mapping Resynthesis Optimization                             ; Off                ; Off                ;
; Analysis & Synthesis Message Level                               ; Medium             ; Medium             ;
; Disable Register Merging Across Hierarchies                      ; Auto               ; Auto               ;
; Resource Aware Inference For Block RAM                           ; On                 ; On                 ;
+------------------------------------------------------------------+--------------------+--------------------+


+------------------------------------------+
; Parallel Compilation                     ;
+----------------------------+-------------+
; Processors                 ; Number      ;
+----------------------------+-------------+
; Number detected on machine ; 12          ;
; Maximum allowed            ; 12          ;
;                            ;             ;
; Average used               ; 1.00        ;
; Maximum used               ; 12          ;
;                            ;             ;
; Usage by Processor         ; % Time Used ;
;     Processor 1            ; 100.0%      ;
;     Processor 2            ;   0.0%      ;
;     Processor 3            ;   0.0%      ;
;     Processor 4            ;   0.0%      ;
;     Processor 5            ;   0.0%      ;
;     Processor 6            ;   0.0%      ;
;     Processor 7            ;   0.0%      ;
;     Processor 8            ;   0.0%      ;
;     Processors 9-12        ;   0.0%      ;
+----------------------------+-------------+


+--------------------------------------------------------------------------------------------------------------------------------------------------------------------------------------------------+
; Analysis & Synthesis Source Files Read                                                                                                                                                           ;
+----------------------------------+-----------------+------------------------------+----------------------------------------------------------------------------------------------------+---------+
; File Name with User-Entered Path ; Used in Netlist ; File Type                    ; File Name with Absolute Path                                                                       ; Library ;
+----------------------------------+-----------------+------------------------------+----------------------------------------------------------------------------------------------------+---------+
; Processador.v                    ; yes             ; User Verilog HDL File        ; D:/Backup/Document/0-Obsidian/0-UNIFESP/5° Semestre/Lab AOC/Processador/Processador.v              ;         ;
; lpm_mult.tdf                     ; yes             ; Megafunction                 ; c:/intelfpga_lite/20.1/quartus/libraries/megafunctions/lpm_mult.tdf                                ;         ;
; aglobal201.inc                   ; yes             ; Megafunction                 ; c:/intelfpga_lite/20.1/quartus/libraries/megafunctions/aglobal201.inc                              ;         ;
; lpm_add_sub.inc                  ; yes             ; Megafunction                 ; c:/intelfpga_lite/20.1/quartus/libraries/megafunctions/lpm_add_sub.inc                             ;         ;
; multcore.inc                     ; yes             ; Megafunction                 ; c:/intelfpga_lite/20.1/quartus/libraries/megafunctions/multcore.inc                                ;         ;
; bypassff.inc                     ; yes             ; Megafunction                 ; c:/intelfpga_lite/20.1/quartus/libraries/megafunctions/bypassff.inc                                ;         ;
; altshift.inc                     ; yes             ; Megafunction                 ; c:/intelfpga_lite/20.1/quartus/libraries/megafunctions/altshift.inc                                ;         ;
; db/mult_7dt.tdf                  ; yes             ; Auto-Generated Megafunction  ; D:/Backup/Document/0-Obsidian/0-UNIFESP/5° Semestre/Lab AOC/Processador/db/mult_7dt.tdf            ;         ;
; lpm_divide.tdf                   ; yes             ; Megafunction                 ; c:/intelfpga_lite/20.1/quartus/libraries/megafunctions/lpm_divide.tdf                              ;         ;
; abs_divider.inc                  ; yes             ; Megafunction                 ; c:/intelfpga_lite/20.1/quartus/libraries/megafunctions/abs_divider.inc                             ;         ;
; sign_div_unsign.inc              ; yes             ; Megafunction                 ; c:/intelfpga_lite/20.1/quartus/libraries/megafunctions/sign_div_unsign.inc                         ;         ;
; db/lpm_divide_kcm.tdf            ; yes             ; Auto-Generated Megafunction  ; D:/Backup/Document/0-Obsidian/0-UNIFESP/5° Semestre/Lab AOC/Processador/db/lpm_divide_kcm.tdf      ;         ;
; db/sign_div_unsign_9nh.tdf       ; yes             ; Auto-Generated Megafunction  ; D:/Backup/Document/0-Obsidian/0-UNIFESP/5° Semestre/Lab AOC/Processador/db/sign_div_unsign_9nh.tdf ;         ;
; db/alt_u_div_6af.tdf             ; yes             ; Auto-Generated Megafunction  ; D:/Backup/Document/0-Obsidian/0-UNIFESP/5° Semestre/Lab AOC/Processador/db/alt_u_div_6af.tdf       ;         ;
; db/add_sub_7pc.tdf               ; yes             ; Auto-Generated Megafunction  ; D:/Backup/Document/0-Obsidian/0-UNIFESP/5° Semestre/Lab AOC/Processador/db/add_sub_7pc.tdf         ;         ;
; db/add_sub_8pc.tdf               ; yes             ; Auto-Generated Megafunction  ; D:/Backup/Document/0-Obsidian/0-UNIFESP/5° Semestre/Lab AOC/Processador/db/add_sub_8pc.tdf         ;         ;
; db/lpm_divide_hkm.tdf            ; yes             ; Auto-Generated Megafunction  ; D:/Backup/Document/0-Obsidian/0-UNIFESP/5° Semestre/Lab AOC/Processador/db/lpm_divide_hkm.tdf      ;         ;
+----------------------------------+-----------------+------------------------------+----------------------------------------------------------------------------------------------------+---------+


+----------------------------------------------------------------+
; Analysis & Synthesis Resource Usage Summary                    ;
+---------------------------------------------+------------------+
; Resource                                    ; Usage            ;
+---------------------------------------------+------------------+
; Estimated Total logic elements              ; 2,590            ;
;                                             ;                  ;
; Total combinational functions               ; 2590             ;
; Logic element usage by number of LUT inputs ;                  ;
;     -- 4 input functions                    ; 1170             ;
;     -- 3 input functions                    ; 1297             ;
;     -- <=2 input functions                  ; 123              ;
;                                             ;                  ;
; Logic elements by mode                      ;                  ;
;     -- normal mode                          ; 1369             ;
;     -- arithmetic mode                      ; 1221             ;
;                                             ;                  ;
; Total registers                             ; 0                ;
;     -- Dedicated logic registers            ; 0                ;
;     -- I/O registers                        ; 0                ;
;                                             ;                  ;
; I/O pins                                    ; 197              ;
;                                             ;                  ;
; Embedded Multiplier 9-bit elements          ; 8                ;
;                                             ;                  ;
; Maximum fan-out node                        ; control[0]~input ;
; Maximum fan-out                             ; 102              ;
; Total fan-out                               ; 9120             ;
; Average fan-out                             ; 3.05             ;
+---------------------------------------------+------------------+


+---------------------------------------------------------------------------------------------------------------------------------------------------------------------------------------------------------------------------------------------------------------------------------------------------------------------------------------------+
; Analysis & Synthesis Resource Utilization by Entity                                                                                                                                                                                                                                                                                         ;
+----------------------------------------+---------------------+---------------------------+-------------+--------------+---------+-----------+------+--------------+------------------------------------------------------------------------------------------------------------------------------------+---------------------+--------------+
; Compilation Hierarchy Node             ; Combinational ALUTs ; Dedicated Logic Registers ; Memory Bits ; DSP Elements ; DSP 9x9 ; DSP 18x18 ; Pins ; Virtual Pins ; Full Hierarchy Name                                                                                                                ; Entity Name         ; Library Name ;
+----------------------------------------+---------------------+---------------------------+-------------+--------------+---------+-----------+------+--------------+------------------------------------------------------------------------------------------------------------------------------------+---------------------+--------------+
; |Processador                           ; 2590 (361)          ; 0 (0)                     ; 0           ; 8            ; 0       ; 4         ; 197  ; 0            ; |Processador                                                                                                                       ; Processador         ; work         ;
;    |lpm_divide:Div0|                   ; 1067 (0)            ; 0 (0)                     ; 0           ; 0            ; 0       ; 0         ; 0    ; 0            ; |Processador|lpm_divide:Div0                                                                                                       ; lpm_divide          ; work         ;
;       |lpm_divide_hkm:auto_generated|  ; 1067 (0)            ; 0 (0)                     ; 0           ; 0            ; 0       ; 0         ; 0    ; 0            ; |Processador|lpm_divide:Div0|lpm_divide_hkm:auto_generated                                                                         ; lpm_divide_hkm      ; work         ;
;          |sign_div_unsign_9nh:divider| ; 1067 (0)            ; 0 (0)                     ; 0           ; 0            ; 0       ; 0         ; 0    ; 0            ; |Processador|lpm_divide:Div0|lpm_divide_hkm:auto_generated|sign_div_unsign_9nh:divider                                             ; sign_div_unsign_9nh ; work         ;
;             |alt_u_div_6af:divider|    ; 1067 (1067)         ; 0 (0)                     ; 0           ; 0            ; 0       ; 0         ; 0    ; 0            ; |Processador|lpm_divide:Div0|lpm_divide_hkm:auto_generated|sign_div_unsign_9nh:divider|alt_u_div_6af:divider                       ; alt_u_div_6af       ; work         ;
;    |lpm_divide:Mod0|                   ; 1083 (0)            ; 0 (0)                     ; 0           ; 0            ; 0       ; 0         ; 0    ; 0            ; |Processador|lpm_divide:Mod0                                                                                                       ; lpm_divide          ; work         ;
;       |lpm_divide_kcm:auto_generated|  ; 1083 (0)            ; 0 (0)                     ; 0           ; 0            ; 0       ; 0         ; 0    ; 0            ; |Processador|lpm_divide:Mod0|lpm_divide_kcm:auto_generated                                                                         ; lpm_divide_kcm      ; work         ;
;          |sign_div_unsign_9nh:divider| ; 1083 (0)            ; 0 (0)                     ; 0           ; 0            ; 0       ; 0         ; 0    ; 0            ; |Processador|lpm_divide:Mod0|lpm_divide_kcm:auto_generated|sign_div_unsign_9nh:divider                                             ; sign_div_unsign_9nh ; work         ;
;             |alt_u_div_6af:divider|    ; 1083 (1082)         ; 0 (0)                     ; 0           ; 0            ; 0       ; 0         ; 0    ; 0            ; |Processador|lpm_divide:Mod0|lpm_divide_kcm:auto_generated|sign_div_unsign_9nh:divider|alt_u_div_6af:divider                       ; alt_u_div_6af       ; work         ;
;                |add_sub_8pc:add_sub_1| ; 1 (1)               ; 0 (0)                     ; 0           ; 0            ; 0       ; 0         ; 0    ; 0            ; |Processador|lpm_divide:Mod0|lpm_divide_kcm:auto_generated|sign_div_unsign_9nh:divider|alt_u_div_6af:divider|add_sub_8pc:add_sub_1 ; add_sub_8pc         ; work         ;
;    |lpm_mult:Mult0|                    ; 79 (0)              ; 0 (0)                     ; 0           ; 8            ; 0       ; 4         ; 0    ; 0            ; |Processador|lpm_mult:Mult0                                                                                                        ; lpm_mult            ; work         ;
;       |mult_7dt:auto_generated|        ; 79 (79)             ; 0 (0)                     ; 0           ; 8            ; 0       ; 4         ; 0    ; 0            ; |Processador|lpm_mult:Mult0|mult_7dt:auto_generated                                                                                ; mult_7dt            ; work         ;
+----------------------------------------+---------------------+---------------------------+-------------+--------------+---------+-----------+------+--------------+------------------------------------------------------------------------------------------------------------------------------------+---------------------+--------------+
Note: For table entries with two numbers listed, the numbers in parentheses indicate the number of resources of the given type used by the specific entity alone. The numbers listed outside of parentheses indicate the total resources of the given type used by the specific entity and all of its sub-entities in the hierarchy.


+-----------------------------------------------------+
; Analysis & Synthesis DSP Block Usage Summary        ;
+---------------------------------------+-------------+
; Statistic                             ; Number Used ;
+---------------------------------------+-------------+
; Simple Multipliers (9-bit)            ; 0           ;
; Simple Multipliers (18-bit)           ; 4           ;
; Embedded Multiplier Blocks            ; --          ;
; Embedded Multiplier 9-bit elements    ; 8           ;
; Signed Embedded Multipliers           ; 0           ;
; Unsigned Embedded Multipliers         ; 4           ;
; Mixed Sign Embedded Multipliers       ; 0           ;
; Variable Sign Embedded Multipliers    ; 0           ;
; Dedicated Input Shift Register Chains ; 0           ;
+---------------------------------------+-------------+
Note: number of Embedded Multiplier Blocks used is only available after a successful fit.


+----------------------------------------------------------------------------------------------------+
; User-Specified and Inferred Latches                                                                ;
+-----------------------------------------------------+---------------------+------------------------+
; Latch Name                                          ; Latch Enable Signal ; Free of Timing Hazards ;
+-----------------------------------------------------+---------------------+------------------------+
; result_32[0]                                        ; Selector61          ; yes                    ;
; result_32[1]                                        ; Selector61          ; yes                    ;
; result_32[2]                                        ; Selector61          ; yes                    ;
; result_32[3]                                        ; Selector61          ; yes                    ;
; result_32[4]                                        ; Selector61          ; yes                    ;
; result_32[5]                                        ; Selector61          ; yes                    ;
; result_32[6]                                        ; Selector61          ; yes                    ;
; result_32[7]                                        ; Selector61          ; yes                    ;
; result_32[8]                                        ; Selector61          ; yes                    ;
; result_32[9]                                        ; Selector61          ; yes                    ;
; result_32[10]                                       ; Selector61          ; yes                    ;
; result_32[11]                                       ; Selector61          ; yes                    ;
; result_32[12]                                       ; Selector61          ; yes                    ;
; result_32[13]                                       ; Selector61          ; yes                    ;
; result_32[14]                                       ; Selector61          ; yes                    ;
; result_32[15]                                       ; Selector61          ; yes                    ;
; result_32[16]                                       ; Selector61          ; yes                    ;
; result_32[17]                                       ; Selector61          ; yes                    ;
; result_32[18]                                       ; Selector61          ; yes                    ;
; result_32[19]                                       ; Selector61          ; yes                    ;
; result_32[20]                                       ; Selector61          ; yes                    ;
; result_32[21]                                       ; Selector61          ; yes                    ;
; result_32[22]                                       ; Selector61          ; yes                    ;
; result_32[23]                                       ; Selector61          ; yes                    ;
; result_32[24]                                       ; Selector61          ; yes                    ;
; result_32[25]                                       ; Selector61          ; yes                    ;
; result_32[26]                                       ; Selector61          ; yes                    ;
; result_32[27]                                       ; Selector61          ; yes                    ;
; result_32[28]                                       ; Selector61          ; yes                    ;
; result_32[29]                                       ; Selector61          ; yes                    ;
; result_32[30]                                       ; Selector61          ; yes                    ;
; result_32[31]                                       ; Selector61          ; yes                    ;
; Number of user-specified and inferred latches = 32  ;                     ;                        ;
+-----------------------------------------------------+---------------------+------------------------+
Note: All latches listed above may not be present at the end of synthesis due to various synthesis optimizations.


+------------------------------------------------------+
; General Register Statistics                          ;
+----------------------------------------------+-------+
; Statistic                                    ; Value ;
+----------------------------------------------+-------+
; Total registers                              ; 0     ;
; Number of registers using Synchronous Clear  ; 0     ;
; Number of registers using Synchronous Load   ; 0     ;
; Number of registers using Asynchronous Clear ; 0     ;
; Number of registers using Asynchronous Load  ; 0     ;
; Number of registers using Clock Enable       ; 0     ;
; Number of registers using Preset             ; 0     ;
+----------------------------------------------+-------+


+------------------------------------------------------------------------------------------------------------------------------------------+
; Multiplexer Restructuring Statistics (Restructuring Performed)                                                                           ;
+--------------------+-----------+---------------+----------------------+------------------------+------------+----------------------------+
; Multiplexer Inputs ; Bus Width ; Baseline Area ; Area if Restructured ; Saving if Restructured ; Registered ; Example Multiplexer Output ;
+--------------------+-----------+---------------+----------------------+------------------------+------------+----------------------------+
; 16:1               ; 64 bits   ; 640 LEs       ; 128 LEs              ; 512 LEs                ; No         ; |Processador|Selector61    ;
; 14:1               ; 31 bits   ; 279 LEs       ; 93 LEs               ; 186 LEs                ; No         ; |Processador|Mux31         ;
+--------------------+-----------+---------------+----------------------+------------------------+------------+----------------------------+


+-------------------------------------------------------------------------------------+
; Parameter Settings for Inferred Entity Instance: lpm_mult:Mult0                     ;
+------------------------------------------------+--------------+---------------------+
; Parameter Name                                 ; Value        ; Type                ;
+------------------------------------------------+--------------+---------------------+
; AUTO_CARRY_CHAINS                              ; ON           ; AUTO_CARRY          ;
; IGNORE_CARRY_BUFFERS                           ; OFF          ; IGNORE_CARRY        ;
; AUTO_CASCADE_CHAINS                            ; ON           ; AUTO_CASCADE        ;
; IGNORE_CASCADE_BUFFERS                         ; OFF          ; IGNORE_CASCADE      ;
; LPM_WIDTHA                                     ; 32           ; Untyped             ;
; LPM_WIDTHB                                     ; 32           ; Untyped             ;
; LPM_WIDTHP                                     ; 64           ; Untyped             ;
; LPM_WIDTHR                                     ; 64           ; Untyped             ;
; LPM_WIDTHS                                     ; 1            ; Untyped             ;
; LPM_REPRESENTATION                             ; UNSIGNED     ; Untyped             ;
; LPM_PIPELINE                                   ; 0            ; Untyped             ;
; LATENCY                                        ; 0            ; Untyped             ;
; INPUT_A_IS_CONSTANT                            ; NO           ; Untyped             ;
; INPUT_B_IS_CONSTANT                            ; NO           ; Untyped             ;
; USE_EAB                                        ; OFF          ; Untyped             ;
; MAXIMIZE_SPEED                                 ; 5            ; Untyped             ;
; DEVICE_FAMILY                                  ; Cyclone IV E ; Untyped             ;
; CARRY_CHAIN                                    ; MANUAL       ; Untyped             ;
; APEX20K_TECHNOLOGY_MAPPER                      ; LUT          ; TECH_MAPPER_APEX20K ;
; DEDICATED_MULTIPLIER_CIRCUITRY                 ; AUTO         ; Untyped             ;
; DEDICATED_MULTIPLIER_MIN_INPUT_WIDTH_FOR_AUTO  ; 0            ; Untyped             ;
; DEDICATED_MULTIPLIER_MIN_OUTPUT_WIDTH_FOR_AUTO ; 0            ; Untyped             ;
; CBXI_PARAMETER                                 ; mult_7dt     ; Untyped             ;
; INPUT_A_FIXED_VALUE                            ; Bx           ; Untyped             ;
; INPUT_B_FIXED_VALUE                            ; Bx           ; Untyped             ;
; USE_AHDL_IMPLEMENTATION                        ; OFF          ; Untyped             ;
+------------------------------------------------+--------------+---------------------+
Note: In order to hide this table in the UI and the text report file, please set the "Show Parameter Settings in Synthesis Report" option in "Analysis and Synthesis Settings -> More Settings" to "Off".


+------------------------------------------------------------------+
; Parameter Settings for Inferred Entity Instance: lpm_divide:Mod0 ;
+------------------------+----------------+------------------------+
; Parameter Name         ; Value          ; Type                   ;
+------------------------+----------------+------------------------+
; LPM_WIDTHN             ; 32             ; Untyped                ;
; LPM_WIDTHD             ; 32             ; Untyped                ;
; LPM_NREPRESENTATION    ; UNSIGNED       ; Untyped                ;
; LPM_DREPRESENTATION    ; UNSIGNED       ; Untyped                ;
; LPM_PIPELINE           ; 0              ; Untyped                ;
; LPM_REMAINDERPOSITIVE  ; TRUE           ; Untyped                ;
; MAXIMIZE_SPEED         ; 5              ; Untyped                ;
; CBXI_PARAMETER         ; lpm_divide_kcm ; Untyped                ;
; CARRY_CHAIN            ; MANUAL         ; Untyped                ;
; OPTIMIZE_FOR_SPEED     ; 5              ; Untyped                ;
; AUTO_CARRY_CHAINS      ; ON             ; AUTO_CARRY             ;
; IGNORE_CARRY_BUFFERS   ; OFF            ; IGNORE_CARRY           ;
; AUTO_CASCADE_CHAINS    ; ON             ; AUTO_CASCADE           ;
; IGNORE_CASCADE_BUFFERS ; OFF            ; IGNORE_CASCADE         ;
+------------------------+----------------+------------------------+
Note: In order to hide this table in the UI and the text report file, please set the "Show Parameter Settings in Synthesis Report" option in "Analysis and Synthesis Settings -> More Settings" to "Off".


+------------------------------------------------------------------+
; Parameter Settings for Inferred Entity Instance: lpm_divide:Div0 ;
+------------------------+----------------+------------------------+
; Parameter Name         ; Value          ; Type                   ;
+------------------------+----------------+------------------------+
; LPM_WIDTHN             ; 32             ; Untyped                ;
; LPM_WIDTHD             ; 32             ; Untyped                ;
; LPM_NREPRESENTATION    ; UNSIGNED       ; Untyped                ;
; LPM_DREPRESENTATION    ; UNSIGNED       ; Untyped                ;
; LPM_PIPELINE           ; 0              ; Untyped                ;
; LPM_REMAINDERPOSITIVE  ; TRUE           ; Untyped                ;
; MAXIMIZE_SPEED         ; 5              ; Untyped                ;
; CBXI_PARAMETER         ; lpm_divide_hkm ; Untyped                ;
; CARRY_CHAIN            ; MANUAL         ; Untyped                ;
; OPTIMIZE_FOR_SPEED     ; 5              ; Untyped                ;
; AUTO_CARRY_CHAINS      ; ON             ; AUTO_CARRY             ;
; IGNORE_CARRY_BUFFERS   ; OFF            ; IGNORE_CARRY           ;
; AUTO_CASCADE_CHAINS    ; ON             ; AUTO_CASCADE           ;
; IGNORE_CASCADE_BUFFERS ; OFF            ; IGNORE_CASCADE         ;
+------------------------+----------------+------------------------+
Note: In order to hide this table in the UI and the text report file, please set the "Show Parameter Settings in Synthesis Report" option in "Analysis and Synthesis Settings -> More Settings" to "Off".


+--------------------------------------------------------+
; lpm_mult Parameter Settings by Entity Instance         ;
+---------------------------------------+----------------+
; Name                                  ; Value          ;
+---------------------------------------+----------------+
; Number of entity instances            ; 1              ;
; Entity Instance                       ; lpm_mult:Mult0 ;
;     -- LPM_WIDTHA                     ; 32             ;
;     -- LPM_WIDTHB                     ; 32             ;
;     -- LPM_WIDTHP                     ; 64             ;
;     -- LPM_REPRESENTATION             ; UNSIGNED       ;
;     -- INPUT_A_IS_CONSTANT            ; NO             ;
;     -- INPUT_B_IS_CONSTANT            ; NO             ;
;     -- USE_EAB                        ; OFF            ;
;     -- DEDICATED_MULTIPLIER_CIRCUITRY ; AUTO           ;
;     -- INPUT_A_FIXED_VALUE            ; Bx             ;
;     -- INPUT_B_FIXED_VALUE            ; Bx             ;
+---------------------------------------+----------------+


+-----------------------------------------------------+
; Post-Synthesis Netlist Statistics for Top Partition ;
+-----------------------+-----------------------------+
; Type                  ; Count                       ;
+-----------------------+-----------------------------+
; boundary_port         ; 197                         ;
; cycloneiii_lcell_comb ; 2590                        ;
;     arith             ; 1221                        ;
;         2 data inputs ; 13                          ;
;         3 data inputs ; 1208                        ;
;     normal            ; 1369                        ;
;         0 data inputs ; 61                          ;
;         1 data inputs ; 1                           ;
;         2 data inputs ; 48                          ;
;         3 data inputs ; 89                          ;
;         4 data inputs ; 1170                        ;
; cycloneiii_mac_mult   ; 4                           ;
; cycloneiii_mac_out    ; 4                           ;
;                       ;                             ;
; Max LUT depth         ; 124.50                      ;
; Average LUT depth     ; 98.09                       ;
+-----------------------+-----------------------------+


+-------------------------------+
; Elapsed Time Per Partition    ;
+----------------+--------------+
; Partition Name ; Elapsed Time ;
+----------------+--------------+
; Top            ; 00:00:07     ;
+----------------+--------------+


+-------------------------------+
; Analysis & Synthesis Messages ;
+-------------------------------+
Info: *******************************************************************
Info: Running Quartus Prime Analysis & Synthesis
    Info: Version 20.1.1 Build 720 11/11/2020 SJ Lite Edition
    Info: Processing started: Sat Jun 10 22:32:00 2023
Info: Command: quartus_map --read_settings_files=on --write_settings_files=off Processador -c Processador
Warning (18236): Number of processors has not been specified which may cause overloading on shared machines.  Set the global assignment NUM_PARALLEL_PROCESSORS in your QSF to an appropriate value for best performance.
Info (20030): Parallel compilation is enabled and will use 12 of the 12 processors detected
Info (12021): Found 1 design units, including 1 entities, in source file processador.v
    Info (12023): Found entity 1: Processador File: D:/Backup/Document/0-Obsidian/0-UNIFESP/5° Semestre/Lab AOC/Processador/Processador.v Line: 1
Info (12021): Found 1 design units, including 1 entities, in source file memoriaram.v
    Info (12023): Found entity 1: memoriaRAM File: D:/Backup/Document/0-Obsidian/0-UNIFESP/5° Semestre/Lab AOC/Processador/memoriaRAM.v Line: 5
Info (12021): Found 1 design units, including 1 entities, in source file memoriarom.v
    Info (12023): Found entity 1: memoriaROM File: D:/Backup/Document/0-Obsidian/0-UNIFESP/5° Semestre/Lab AOC/Processador/memoriaROM.v Line: 4
Info (12021): Found 1 design units, including 1 entities, in source file registradores.v
    Info (12023): Found entity 1: regs File: D:/Backup/Document/0-Obsidian/0-UNIFESP/5° Semestre/Lab AOC/Processador/Registradores.v Line: 1
Info (12127): Elaborating entity "Processador" for the top level hierarchy
Warning (10230): Verilog HDL assignment warning at Processador.v(39): truncated value with size 64 to match size of target (32) File: D:/Backup/Document/0-Obsidian/0-UNIFESP/5° Semestre/Lab AOC/Processador/Processador.v Line: 39
Warning (10240): Verilog HDL Always Construct warning at Processador.v(12): inferring latch(es) for variable "result_32", which holds its previous value in one or more paths through the always construct File: D:/Backup/Document/0-Obsidian/0-UNIFESP/5° Semestre/Lab AOC/Processador/Processador.v Line: 12
Warning (10240): Verilog HDL Always Construct warning at Processador.v(12): inferring latch(es) for variable "hilo", which holds its previous value in one or more paths through the always construct File: D:/Backup/Document/0-Obsidian/0-UNIFESP/5° Semestre/Lab AOC/Processador/Processador.v Line: 12
Info (10041): Inferred latch for "result_32[0]" at Processador.v(12) File: D:/Backup/Document/0-Obsidian/0-UNIFESP/5° Semestre/Lab AOC/Processador/Processador.v Line: 12
Info (10041): Inferred latch for "result_32[1]" at Processador.v(12) File: D:/Backup/Document/0-Obsidian/0-UNIFESP/5° Semestre/Lab AOC/Processador/Processador.v Line: 12
Info (10041): Inferred latch for "result_32[2]" at Processador.v(12) File: D:/Backup/Document/0-Obsidian/0-UNIFESP/5° Semestre/Lab AOC/Processador/Processador.v Line: 12
Info (10041): Inferred latch for "result_32[3]" at Processador.v(12) File: D:/Backup/Document/0-Obsidian/0-UNIFESP/5° Semestre/Lab AOC/Processador/Processador.v Line: 12
Info (10041): Inferred latch for "result_32[4]" at Processador.v(12) File: D:/Backup/Document/0-Obsidian/0-UNIFESP/5° Semestre/Lab AOC/Processador/Processador.v Line: 12
Info (10041): Inferred latch for "result_32[5]" at Processador.v(12) File: D:/Backup/Document/0-Obsidian/0-UNIFESP/5° Semestre/Lab AOC/Processador/Processador.v Line: 12
Info (10041): Inferred latch for "result_32[6]" at Processador.v(12) File: D:/Backup/Document/0-Obsidian/0-UNIFESP/5° Semestre/Lab AOC/Processador/Processador.v Line: 12
Info (10041): Inferred latch for "result_32[7]" at Processador.v(12) File: D:/Backup/Document/0-Obsidian/0-UNIFESP/5° Semestre/Lab AOC/Processador/Processador.v Line: 12
Info (10041): Inferred latch for "result_32[8]" at Processador.v(12) File: D:/Backup/Document/0-Obsidian/0-UNIFESP/5° Semestre/Lab AOC/Processador/Processador.v Line: 12
Info (10041): Inferred latch for "result_32[9]" at Processador.v(12) File: D:/Backup/Document/0-Obsidian/0-UNIFESP/5° Semestre/Lab AOC/Processador/Processador.v Line: 12
Info (10041): Inferred latch for "result_32[10]" at Processador.v(12) File: D:/Backup/Document/0-Obsidian/0-UNIFESP/5° Semestre/Lab AOC/Processador/Processador.v Line: 12
Info (10041): Inferred latch for "result_32[11]" at Processador.v(12) File: D:/Backup/Document/0-Obsidian/0-UNIFESP/5° Semestre/Lab AOC/Processador/Processador.v Line: 12
Info (10041): Inferred latch for "result_32[12]" at Processador.v(12) File: D:/Backup/Document/0-Obsidian/0-UNIFESP/5° Semestre/Lab AOC/Processador/Processador.v Line: 12
Info (10041): Inferred latch for "result_32[13]" at Processador.v(12) File: D:/Backup/Document/0-Obsidian/0-UNIFESP/5° Semestre/Lab AOC/Processador/Processador.v Line: 12
Info (10041): Inferred latch for "result_32[14]" at Processador.v(12) File: D:/Backup/Document/0-Obsidian/0-UNIFESP/5° Semestre/Lab AOC/Processador/Processador.v Line: 12
Info (10041): Inferred latch for "result_32[15]" at Processador.v(12) File: D:/Backup/Document/0-Obsidian/0-UNIFESP/5° Semestre/Lab AOC/Processador/Processador.v Line: 12
Info (10041): Inferred latch for "result_32[16]" at Processador.v(12) File: D:/Backup/Document/0-Obsidian/0-UNIFESP/5° Semestre/Lab AOC/Processador/Processador.v Line: 12
Info (10041): Inferred latch for "result_32[17]" at Processador.v(12) File: D:/Backup/Document/0-Obsidian/0-UNIFESP/5° Semestre/Lab AOC/Processador/Processador.v Line: 12
Info (10041): Inferred latch for "result_32[18]" at Processador.v(12) File: D:/Backup/Document/0-Obsidian/0-UNIFESP/5° Semestre/Lab AOC/Processador/Processador.v Line: 12
Info (10041): Inferred latch for "result_32[19]" at Processador.v(12) File: D:/Backup/Document/0-Obsidian/0-UNIFESP/5° Semestre/Lab AOC/Processador/Processador.v Line: 12
Info (10041): Inferred latch for "result_32[20]" at Processador.v(12) File: D:/Backup/Document/0-Obsidian/0-UNIFESP/5° Semestre/Lab AOC/Processador/Processador.v Line: 12
Info (10041): Inferred latch for "result_32[21]" at Processador.v(12) File: D:/Backup/Document/0-Obsidian/0-UNIFESP/5° Semestre/Lab AOC/Processador/Processador.v Line: 12
Info (10041): Inferred latch for "result_32[22]" at Processador.v(12) File: D:/Backup/Document/0-Obsidian/0-UNIFESP/5° Semestre/Lab AOC/Processador/Processador.v Line: 12
Info (10041): Inferred latch for "result_32[23]" at Processador.v(12) File: D:/Backup/Document/0-Obsidian/0-UNIFESP/5° Semestre/Lab AOC/Processador/Processador.v Line: 12
Info (10041): Inferred latch for "result_32[24]" at Processador.v(12) File: D:/Backup/Document/0-Obsidian/0-UNIFESP/5° Semestre/Lab AOC/Processador/Processador.v Line: 12
Info (10041): Inferred latch for "result_32[25]" at Processador.v(12) File: D:/Backup/Document/0-Obsidian/0-UNIFESP/5° Semestre/Lab AOC/Processador/Processador.v Line: 12
Info (10041): Inferred latch for "result_32[26]" at Processador.v(12) File: D:/Backup/Document/0-Obsidian/0-UNIFESP/5° Semestre/Lab AOC/Processador/Processador.v Line: 12
Info (10041): Inferred latch for "result_32[27]" at Processador.v(12) File: D:/Backup/Document/0-Obsidian/0-UNIFESP/5° Semestre/Lab AOC/Processador/Processador.v Line: 12
Info (10041): Inferred latch for "result_32[28]" at Processador.v(12) File: D:/Backup/Document/0-Obsidian/0-UNIFESP/5° Semestre/Lab AOC/Processador/Processador.v Line: 12
Info (10041): Inferred latch for "result_32[29]" at Processador.v(12) File: D:/Backup/Document/0-Obsidian/0-UNIFESP/5° Semestre/Lab AOC/Processador/Processador.v Line: 12
Info (10041): Inferred latch for "result_32[30]" at Processador.v(12) File: D:/Backup/Document/0-Obsidian/0-UNIFESP/5° Semestre/Lab AOC/Processador/Processador.v Line: 12
Info (10041): Inferred latch for "result_32[31]" at Processador.v(12) File: D:/Backup/Document/0-Obsidian/0-UNIFESP/5° Semestre/Lab AOC/Processador/Processador.v Line: 12
Info (278001): Inferred 3 megafunctions from design logic
    Info (278003): Inferred multiplier megafunction ("lpm_mult") from the following logic: "Mult0" File: D:/Backup/Document/0-Obsidian/0-UNIFESP/5° Semestre/Lab AOC/Processador/Processador.v Line: 30
    Info (278004): Inferred divider/modulo megafunction ("lpm_divide") from the following logic: "Mod0" File: D:/Backup/Document/0-Obsidian/0-UNIFESP/5° Semestre/Lab AOC/Processador/Processador.v Line: 40
    Info (278004): Inferred divider/modulo megafunction ("lpm_divide") from the following logic: "Div0" File: D:/Backup/Document/0-Obsidian/0-UNIFESP/5° Semestre/Lab AOC/Processador/Processador.v Line: 38
Info (12130): Elaborated megafunction instantiation "lpm_mult:Mult0" File: D:/Backup/Document/0-Obsidian/0-UNIFESP/5° Semestre/Lab AOC/Processador/Processador.v Line: 30
Info (12133): Instantiated megafunction "lpm_mult:Mult0" with the following parameter: File: D:/Backup/Document/0-Obsidian/0-UNIFESP/5° Semestre/Lab AOC/Processador/Processador.v Line: 30
    Info (12134): Parameter "LPM_WIDTHA" = "32"
    Info (12134): Parameter "LPM_WIDTHB" = "32"
    Info (12134): Parameter "LPM_WIDTHP" = "64"
    Info (12134): Parameter "LPM_WIDTHR" = "64"
    Info (12134): Parameter "LPM_WIDTHS" = "1"
    Info (12134): Parameter "LPM_REPRESENTATION" = "UNSIGNED"
    Info (12134): Parameter "INPUT_A_IS_CONSTANT" = "NO"
    Info (12134): Parameter "INPUT_B_IS_CONSTANT" = "NO"
    Info (12134): Parameter "MAXIMIZE_SPEED" = "5"
Info (12021): Found 1 design units, including 1 entities, in source file db/mult_7dt.tdf
    Info (12023): Found entity 1: mult_7dt File: D:/Backup/Document/0-Obsidian/0-UNIFESP/5° Semestre/Lab AOC/Processador/db/mult_7dt.tdf Line: 31
Info (12130): Elaborated megafunction instantiation "lpm_divide:Mod0" File: D:/Backup/Document/0-Obsidian/0-UNIFESP/5° Semestre/Lab AOC/Processador/Processador.v Line: 40
Info (12133): Instantiated megafunction "lpm_divide:Mod0" with the following parameter: File: D:/Backup/Document/0-Obsidian/0-UNIFESP/5° Semestre/Lab AOC/Processador/Processador.v Line: 40
    Info (12134): Parameter "LPM_WIDTHN" = "32"
    Info (12134): Parameter "LPM_WIDTHD" = "32"
    Info (12134): Parameter "LPM_NREPRESENTATION" = "UNSIGNED"
    Info (12134): Parameter "LPM_DREPRESENTATION" = "UNSIGNED"
Info (12021): Found 1 design units, including 1 entities, in source file db/lpm_divide_kcm.tdf
    Info (12023): Found entity 1: lpm_divide_kcm File: D:/Backup/Document/0-Obsidian/0-UNIFESP/5° Semestre/Lab AOC/Processador/db/lpm_divide_kcm.tdf Line: 25
Info (12021): Found 1 design units, including 1 entities, in source file db/sign_div_unsign_9nh.tdf
    Info (12023): Found entity 1: sign_div_unsign_9nh File: D:/Backup/Document/0-Obsidian/0-UNIFESP/5° Semestre/Lab AOC/Processador/db/sign_div_unsign_9nh.tdf Line: 25
Info (12021): Found 1 design units, including 1 entities, in source file db/alt_u_div_6af.tdf
    Info (12023): Found entity 1: alt_u_div_6af File: D:/Backup/Document/0-Obsidian/0-UNIFESP/5° Semestre/Lab AOC/Processador/db/alt_u_div_6af.tdf Line: 27
Info (12021): Found 1 design units, including 1 entities, in source file db/add_sub_7pc.tdf
    Info (12023): Found entity 1: add_sub_7pc File: D:/Backup/Document/0-Obsidian/0-UNIFESP/5° Semestre/Lab AOC/Processador/db/add_sub_7pc.tdf Line: 23
Info (12021): Found 1 design units, including 1 entities, in source file db/add_sub_8pc.tdf
    Info (12023): Found entity 1: add_sub_8pc File: D:/Backup/Document/0-Obsidian/0-UNIFESP/5° Semestre/Lab AOC/Processador/db/add_sub_8pc.tdf Line: 23
Info (12130): Elaborated megafunction instantiation "lpm_divide:Div0" File: D:/Backup/Document/0-Obsidian/0-UNIFESP/5° Semestre/Lab AOC/Processador/Processador.v Line: 38
Info (12133): Instantiated megafunction "lpm_divide:Div0" with the following parameter: File: D:/Backup/Document/0-Obsidian/0-UNIFESP/5° Semestre/Lab AOC/Processador/Processador.v Line: 38
    Info (12134): Parameter "LPM_WIDTHN" = "32"
    Info (12134): Parameter "LPM_WIDTHD" = "32"
    Info (12134): Parameter "LPM_NREPRESENTATION" = "UNSIGNED"
    Info (12134): Parameter "LPM_DREPRESENTATION" = "UNSIGNED"
Info (12021): Found 1 design units, including 1 entities, in source file db/lpm_divide_hkm.tdf
    Info (12023): Found entity 1: lpm_divide_hkm File: D:/Backup/Document/0-Obsidian/0-UNIFESP/5° Semestre/Lab AOC/Processador/db/lpm_divide_hkm.tdf Line: 25
Info (13014): Ignored 222 buffer(s)
    Info (13019): Ignored 222 SOFT buffer(s)
Warning (13012): Latch result_32[0] has unsafe behavior File: D:/Backup/Document/0-Obsidian/0-UNIFESP/5° Semestre/Lab AOC/Processador/Processador.v Line: 12
    Warning (13013): Ports D and ENA on the latch are fed by the same signal control[1] File: D:/Backup/Document/0-Obsidian/0-UNIFESP/5° Semestre/Lab AOC/Processador/Processador.v Line: 5
Warning (13012): Latch result_32[1] has unsafe behavior File: D:/Backup/Document/0-Obsidian/0-UNIFESP/5° Semestre/Lab AOC/Processador/Processador.v Line: 12
    Warning (13013): Ports D and ENA on the latch are fed by the same signal control[3] File: D:/Backup/Document/0-Obsidian/0-UNIFESP/5° Semestre/Lab AOC/Processador/Processador.v Line: 5
Warning (13012): Latch result_32[2] has unsafe behavior File: D:/Backup/Document/0-Obsidian/0-UNIFESP/5° Semestre/Lab AOC/Processador/Processador.v Line: 12
    Warning (13013): Ports D and ENA on the latch are fed by the same signal control[3] File: D:/Backup/Document/0-Obsidian/0-UNIFESP/5° Semestre/Lab AOC/Processador/Processador.v Line: 5
Warning (13012): Latch result_32[3] has unsafe behavior File: D:/Backup/Document/0-Obsidian/0-UNIFESP/5° Semestre/Lab AOC/Processador/Processador.v Line: 12
    Warning (13013): Ports D and ENA on the latch are fed by the same signal control[3] File: D:/Backup/Document/0-Obsidian/0-UNIFESP/5° Semestre/Lab AOC/Processador/Processador.v Line: 5
Warning (13012): Latch result_32[4] has unsafe behavior File: D:/Backup/Document/0-Obsidian/0-UNIFESP/5° Semestre/Lab AOC/Processador/Processador.v Line: 12
    Warning (13013): Ports D and ENA on the latch are fed by the same signal control[3] File: D:/Backup/Document/0-Obsidian/0-UNIFESP/5° Semestre/Lab AOC/Processador/Processador.v Line: 5
Warning (13012): Latch result_32[5] has unsafe behavior File: D:/Backup/Document/0-Obsidian/0-UNIFESP/5° Semestre/Lab AOC/Processador/Processador.v Line: 12
    Warning (13013): Ports D and ENA on the latch are fed by the same signal control[3] File: D:/Backup/Document/0-Obsidian/0-UNIFESP/5° Semestre/Lab AOC/Processador/Processador.v Line: 5
Warning (13012): Latch result_32[6] has unsafe behavior File: D:/Backup/Document/0-Obsidian/0-UNIFESP/5° Semestre/Lab AOC/Processador/Processador.v Line: 12
    Warning (13013): Ports D and ENA on the latch are fed by the same signal control[3] File: D:/Backup/Document/0-Obsidian/0-UNIFESP/5° Semestre/Lab AOC/Processador/Processador.v Line: 5
Warning (13012): Latch result_32[7] has unsafe behavior File: D:/Backup/Document/0-Obsidian/0-UNIFESP/5° Semestre/Lab AOC/Processador/Processador.v Line: 12
    Warning (13013): Ports D and ENA on the latch are fed by the same signal control[3] File: D:/Backup/Document/0-Obsidian/0-UNIFESP/5° Semestre/Lab AOC/Processador/Processador.v Line: 5
Warning (13012): Latch result_32[8] has unsafe behavior File: D:/Backup/Document/0-Obsidian/0-UNIFESP/5° Semestre/Lab AOC/Processador/Processador.v Line: 12
    Warning (13013): Ports D and ENA on the latch are fed by the same signal control[3] File: D:/Backup/Document/0-Obsidian/0-UNIFESP/5° Semestre/Lab AOC/Processador/Processador.v Line: 5
Warning (13012): Latch result_32[9] has unsafe behavior File: D:/Backup/Document/0-Obsidian/0-UNIFESP/5° Semestre/Lab AOC/Processador/Processador.v Line: 12
    Warning (13013): Ports D and ENA on the latch are fed by the same signal control[3] File: D:/Backup/Document/0-Obsidian/0-UNIFESP/5° Semestre/Lab AOC/Processador/Processador.v Line: 5
Warning (13012): Latch result_32[10] has unsafe behavior File: D:/Backup/Document/0-Obsidian/0-UNIFESP/5° Semestre/Lab AOC/Processador/Processador.v Line: 12
    Warning (13013): Ports D and ENA on the latch are fed by the same signal control[3] File: D:/Backup/Document/0-Obsidian/0-UNIFESP/5° Semestre/Lab AOC/Processador/Processador.v Line: 5
Warning (13012): Latch result_32[11] has unsafe behavior File: D:/Backup/Document/0-Obsidian/0-UNIFESP/5° Semestre/Lab AOC/Processador/Processador.v Line: 12
    Warning (13013): Ports D and ENA on the latch are fed by the same signal control[3] File: D:/Backup/Document/0-Obsidian/0-UNIFESP/5° Semestre/Lab AOC/Processador/Processador.v Line: 5
Warning (13012): Latch result_32[12] has unsafe behavior File: D:/Backup/Document/0-Obsidian/0-UNIFESP/5° Semestre/Lab AOC/Processador/Processador.v Line: 12
    Warning (13013): Ports D and ENA on the latch are fed by the same signal control[3] File: D:/Backup/Document/0-Obsidian/0-UNIFESP/5° Semestre/Lab AOC/Processador/Processador.v Line: 5
Warning (13012): Latch result_32[13] has unsafe behavior File: D:/Backup/Document/0-Obsidian/0-UNIFESP/5° Semestre/Lab AOC/Processador/Processador.v Line: 12
    Warning (13013): Ports D and ENA on the latch are fed by the same signal control[3] File: D:/Backup/Document/0-Obsidian/0-UNIFESP/5° Semestre/Lab AOC/Processador/Processador.v Line: 5
Warning (13012): Latch result_32[14] has unsafe behavior File: D:/Backup/Document/0-Obsidian/0-UNIFESP/5° Semestre/Lab AOC/Processador/Processador.v Line: 12
    Warning (13013): Ports D and ENA on the latch are fed by the same signal control[3] File: D:/Backup/Document/0-Obsidian/0-UNIFESP/5° Semestre/Lab AOC/Processador/Processador.v Line: 5
Warning (13012): Latch result_32[15] has unsafe behavior File: D:/Backup/Document/0-Obsidian/0-UNIFESP/5° Semestre/Lab AOC/Processador/Processador.v Line: 12
    Warning (13013): Ports D and ENA on the latch are fed by the same signal control[3] File: D:/Backup/Document/0-Obsidian/0-UNIFESP/5° Semestre/Lab AOC/Processador/Processador.v Line: 5
Warning (13012): Latch result_32[16] has unsafe behavior File: D:/Backup/Document/0-Obsidian/0-UNIFESP/5° Semestre/Lab AOC/Processador/Processador.v Line: 12
    Warning (13013): Ports D and ENA on the latch are fed by the same signal control[3] File: D:/Backup/Document/0-Obsidian/0-UNIFESP/5° Semestre/Lab AOC/Processador/Processador.v Line: 5
Warning (13012): Latch result_32[17] has unsafe behavior File: D:/Backup/Document/0-Obsidian/0-UNIFESP/5° Semestre/Lab AOC/Processador/Processador.v Line: 12
    Warning (13013): Ports D and ENA on the latch are fed by the same signal control[3] File: D:/Backup/Document/0-Obsidian/0-UNIFESP/5° Semestre/Lab AOC/Processador/Processador.v Line: 5
Warning (13012): Latch result_32[18] has unsafe behavior File: D:/Backup/Document/0-Obsidian/0-UNIFESP/5° Semestre/Lab AOC/Processador/Processador.v Line: 12
    Warning (13013): Ports D and ENA on the latch are fed by the same signal control[3] File: D:/Backup/Document/0-Obsidian/0-UNIFESP/5° Semestre/Lab AOC/Processador/Processador.v Line: 5
Warning (13012): Latch result_32[19] has unsafe behavior File: D:/Backup/Document/0-Obsidian/0-UNIFESP/5° Semestre/Lab AOC/Processador/Processador.v Line: 12
    Warning (13013): Ports D and ENA on the latch are fed by the same signal control[3] File: D:/Backup/Document/0-Obsidian/0-UNIFESP/5° Semestre/Lab AOC/Processador/Processador.v Line: 5
Warning (13012): Latch result_32[20] has unsafe behavior File: D:/Backup/Document/0-Obsidian/0-UNIFESP/5° Semestre/Lab AOC/Processador/Processador.v Line: 12
    Warning (13013): Ports D and ENA on the latch are fed by the same signal control[3] File: D:/Backup/Document/0-Obsidian/0-UNIFESP/5° Semestre/Lab AOC/Processador/Processador.v Line: 5
Warning (13012): Latch result_32[21] has unsafe behavior File: D:/Backup/Document/0-Obsidian/0-UNIFESP/5° Semestre/Lab AOC/Processador/Processador.v Line: 12
    Warning (13013): Ports D and ENA on the latch are fed by the same signal control[3] File: D:/Backup/Document/0-Obsidian/0-UNIFESP/5° Semestre/Lab AOC/Processador/Processador.v Line: 5
Warning (13012): Latch result_32[22] has unsafe behavior File: D:/Backup/Document/0-Obsidian/0-UNIFESP/5° Semestre/Lab AOC/Processador/Processador.v Line: 12
    Warning (13013): Ports D and ENA on the latch are fed by the same signal control[3] File: D:/Backup/Document/0-Obsidian/0-UNIFESP/5° Semestre/Lab AOC/Processador/Processador.v Line: 5
Warning (13012): Latch result_32[23] has unsafe behavior File: D:/Backup/Document/0-Obsidian/0-UNIFESP/5° Semestre/Lab AOC/Processador/Processador.v Line: 12
    Warning (13013): Ports D and ENA on the latch are fed by the same signal control[3] File: D:/Backup/Document/0-Obsidian/0-UNIFESP/5° Semestre/Lab AOC/Processador/Processador.v Line: 5
Warning (13012): Latch result_32[24] has unsafe behavior File: D:/Backup/Document/0-Obsidian/0-UNIFESP/5° Semestre/Lab AOC/Processador/Processador.v Line: 12
    Warning (13013): Ports D and ENA on the latch are fed by the same signal control[3] File: D:/Backup/Document/0-Obsidian/0-UNIFESP/5° Semestre/Lab AOC/Processador/Processador.v Line: 5
Warning (13012): Latch result_32[25] has unsafe behavior File: D:/Backup/Document/0-Obsidian/0-UNIFESP/5° Semestre/Lab AOC/Processador/Processador.v Line: 12
    Warning (13013): Ports D and ENA on the latch are fed by the same signal control[3] File: D:/Backup/Document/0-Obsidian/0-UNIFESP/5° Semestre/Lab AOC/Processador/Processador.v Line: 5
Warning (13012): Latch result_32[26] has unsafe behavior File: D:/Backup/Document/0-Obsidian/0-UNIFESP/5° Semestre/Lab AOC/Processador/Processador.v Line: 12
    Warning (13013): Ports D and ENA on the latch are fed by the same signal control[3] File: D:/Backup/Document/0-Obsidian/0-UNIFESP/5° Semestre/Lab AOC/Processador/Processador.v Line: 5
Warning (13012): Latch result_32[27] has unsafe behavior File: D:/Backup/Document/0-Obsidian/0-UNIFESP/5° Semestre/Lab AOC/Processador/Processador.v Line: 12
    Warning (13013): Ports D and ENA on the latch are fed by the same signal control[3] File: D:/Backup/Document/0-Obsidian/0-UNIFESP/5° Semestre/Lab AOC/Processador/Processador.v Line: 5
Warning (13012): Latch result_32[28] has unsafe behavior File: D:/Backup/Document/0-Obsidian/0-UNIFESP/5° Semestre/Lab AOC/Processador/Processador.v Line: 12
    Warning (13013): Ports D and ENA on the latch are fed by the same signal control[3] File: D:/Backup/Document/0-Obsidian/0-UNIFESP/5° Semestre/Lab AOC/Processador/Processador.v Line: 5
Warning (13012): Latch result_32[29] has unsafe behavior File: D:/Backup/Document/0-Obsidian/0-UNIFESP/5° Semestre/Lab AOC/Processador/Processador.v Line: 12
    Warning (13013): Ports D and ENA on the latch are fed by the same signal control[3] File: D:/Backup/Document/0-Obsidian/0-UNIFESP/5° Semestre/Lab AOC/Processador/Processador.v Line: 5
Warning (13012): Latch result_32[30] has unsafe behavior File: D:/Backup/Document/0-Obsidian/0-UNIFESP/5° Semestre/Lab AOC/Processador/Processador.v Line: 12
    Warning (13013): Ports D and ENA on the latch are fed by the same signal control[3] File: D:/Backup/Document/0-Obsidian/0-UNIFESP/5° Semestre/Lab AOC/Processador/Processador.v Line: 5
Warning (13012): Latch result_32[31] has unsafe behavior File: D:/Backup/Document/0-Obsidian/0-UNIFESP/5° Semestre/Lab AOC/Processador/Processador.v Line: 12
    Warning (13013): Ports D and ENA on the latch are fed by the same signal control[3] File: D:/Backup/Document/0-Obsidian/0-UNIFESP/5° Semestre/Lab AOC/Processador/Processador.v Line: 5
Info (286030): Timing-Driven Synthesis is running
Info (16010): Generating hard_block partition "hard_block:auto_generated_inst"
    Info (16011): Adding 0 node(s), including 0 DDIO, 0 PLL, 0 transceiver and 0 LCELL
Warning (21074): Design contains 32 input pin(s) that do not drive logic
    Warning (15610): No output dependent on input pin "in3[0]" File: D:/Backup/Document/0-Obsidian/0-UNIFESP/5° Semestre/Lab AOC/Processador/Processador.v Line: 4
    Warning (15610): No output dependent on input pin "in3[1]" File: D:/Backup/Document/0-Obsidian/0-UNIFESP/5° Semestre/Lab AOC/Processador/Processador.v Line: 4
    Warning (15610): No output dependent on input pin "in3[2]" File: D:/Backup/Document/0-Obsidian/0-UNIFESP/5° Semestre/Lab AOC/Processador/Processador.v Line: 4
    Warning (15610): No output dependent on input pin "in3[3]" File: D:/Backup/Document/0-Obsidian/0-UNIFESP/5° Semestre/Lab AOC/Processador/Processador.v Line: 4
    Warning (15610): No output dependent on input pin "in3[4]" File: D:/Backup/Document/0-Obsidian/0-UNIFESP/5° Semestre/Lab AOC/Processador/Processador.v Line: 4
    Warning (15610): No output dependent on input pin "in3[5]" File: D:/Backup/Document/0-Obsidian/0-UNIFESP/5° Semestre/Lab AOC/Processador/Processador.v Line: 4
    Warning (15610): No output dependent on input pin "in3[6]" File: D:/Backup/Document/0-Obsidian/0-UNIFESP/5° Semestre/Lab AOC/Processador/Processador.v Line: 4
    Warning (15610): No output dependent on input pin "in3[7]" File: D:/Backup/Document/0-Obsidian/0-UNIFESP/5° Semestre/Lab AOC/Processador/Processador.v Line: 4
    Warning (15610): No output dependent on input pin "in3[8]" File: D:/Backup/Document/0-Obsidian/0-UNIFESP/5° Semestre/Lab AOC/Processador/Processador.v Line: 4
    Warning (15610): No output dependent on input pin "in3[9]" File: D:/Backup/Document/0-Obsidian/0-UNIFESP/5° Semestre/Lab AOC/Processador/Processador.v Line: 4
    Warning (15610): No output dependent on input pin "in3[10]" File: D:/Backup/Document/0-Obsidian/0-UNIFESP/5° Semestre/Lab AOC/Processador/Processador.v Line: 4
    Warning (15610): No output dependent on input pin "in3[11]" File: D:/Backup/Document/0-Obsidian/0-UNIFESP/5° Semestre/Lab AOC/Processador/Processador.v Line: 4
    Warning (15610): No output dependent on input pin "in3[12]" File: D:/Backup/Document/0-Obsidian/0-UNIFESP/5° Semestre/Lab AOC/Processador/Processador.v Line: 4
    Warning (15610): No output dependent on input pin "in3[13]" File: D:/Backup/Document/0-Obsidian/0-UNIFESP/5° Semestre/Lab AOC/Processador/Processador.v Line: 4
    Warning (15610): No output dependent on input pin "in3[14]" File: D:/Backup/Document/0-Obsidian/0-UNIFESP/5° Semestre/Lab AOC/Processador/Processador.v Line: 4
    Warning (15610): No output dependent on input pin "in3[15]" File: D:/Backup/Document/0-Obsidian/0-UNIFESP/5° Semestre/Lab AOC/Processador/Processador.v Line: 4
    Warning (15610): No output dependent on input pin "in3[16]" File: D:/Backup/Document/0-Obsidian/0-UNIFESP/5° Semestre/Lab AOC/Processador/Processador.v Line: 4
    Warning (15610): No output dependent on input pin "in3[17]" File: D:/Backup/Document/0-Obsidian/0-UNIFESP/5° Semestre/Lab AOC/Processador/Processador.v Line: 4
    Warning (15610): No output dependent on input pin "in3[18]" File: D:/Backup/Document/0-Obsidian/0-UNIFESP/5° Semestre/Lab AOC/Processador/Processador.v Line: 4
    Warning (15610): No output dependent on input pin "in3[19]" File: D:/Backup/Document/0-Obsidian/0-UNIFESP/5° Semestre/Lab AOC/Processador/Processador.v Line: 4
    Warning (15610): No output dependent on input pin "in3[20]" File: D:/Backup/Document/0-Obsidian/0-UNIFESP/5° Semestre/Lab AOC/Processador/Processador.v Line: 4
    Warning (15610): No output dependent on input pin "in3[21]" File: D:/Backup/Document/0-Obsidian/0-UNIFESP/5° Semestre/Lab AOC/Processador/Processador.v Line: 4
    Warning (15610): No output dependent on input pin "in3[22]" File: D:/Backup/Document/0-Obsidian/0-UNIFESP/5° Semestre/Lab AOC/Processador/Processador.v Line: 4
    Warning (15610): No output dependent on input pin "in3[23]" File: D:/Backup/Document/0-Obsidian/0-UNIFESP/5° Semestre/Lab AOC/Processador/Processador.v Line: 4
    Warning (15610): No output dependent on input pin "in3[24]" File: D:/Backup/Document/0-Obsidian/0-UNIFESP/5° Semestre/Lab AOC/Processador/Processador.v Line: 4
    Warning (15610): No output dependent on input pin "in3[25]" File: D:/Backup/Document/0-Obsidian/0-UNIFESP/5° Semestre/Lab AOC/Processador/Processador.v Line: 4
    Warning (15610): No output dependent on input pin "in3[26]" File: D:/Backup/Document/0-Obsidian/0-UNIFESP/5° Semestre/Lab AOC/Processador/Processador.v Line: 4
    Warning (15610): No output dependent on input pin "in3[27]" File: D:/Backup/Document/0-Obsidian/0-UNIFESP/5° Semestre/Lab AOC/Processador/Processador.v Line: 4
    Warning (15610): No output dependent on input pin "in3[28]" File: D:/Backup/Document/0-Obsidian/0-UNIFESP/5° Semestre/Lab AOC/Processador/Processador.v Line: 4
    Warning (15610): No output dependent on input pin "in3[29]" File: D:/Backup/Document/0-Obsidian/0-UNIFESP/5° Semestre/Lab AOC/Processador/Processador.v Line: 4
    Warning (15610): No output dependent on input pin "in3[30]" File: D:/Backup/Document/0-Obsidian/0-UNIFESP/5° Semestre/Lab AOC/Processador/Processador.v Line: 4
    Warning (15610): No output dependent on input pin "in3[31]" File: D:/Backup/Document/0-Obsidian/0-UNIFESP/5° Semestre/Lab AOC/Processador/Processador.v Line: 4
Info (21057): Implemented 2795 device resources after synthesis - the final resource count might be different
    Info (21058): Implemented 100 input pins
    Info (21059): Implemented 97 output pins
    Info (21061): Implemented 2590 logic cells
    Info (21062): Implemented 8 DSP elements
Info: Quartus Prime Analysis & Synthesis was successful. 0 errors, 101 warnings
    Info: Peak virtual memory: 4844 megabytes
    Info: Processing ended: Sat Jun 10 22:32:15 2023
    Info: Elapsed time: 00:00:15
    Info: Total CPU time (on all processors): 00:00:17


